Archive member included to satisfy reference by file (symbol)

C:/ST/STM32CubeIDE_2.1.1/STM32CubeIDE/plugins/com.st.stm32cube.ide.mcu.externaltools.gnu-tools-for-stm32.14.3.rel1.win32_1.0.100.202602081740/tools/bin/../lib/gcc/arm-none-eabi/14.3.1/../../../../arm-none-eabi/lib/thumb/v7e-m+fp/hard\libc_nano.a(libc_a-exit.o)
                              C:/ST/STM32CubeIDE_2.1.1/STM32CubeIDE/plugins/com.st.stm32cube.ide.mcu.externaltools.gnu-tools-for-stm32.14.3.rel1.win32_1.0.100.202602081740/tools/bin/../lib/gcc/arm-none-eabi/14.3.1/../../../../arm-none-eabi/lib/thumb/v7e-m+fp/hard/crt0.o (exit)
C:/ST/STM32CubeIDE_2.1.1/STM32CubeIDE/plugins/com.st.stm32cube.ide.mcu.externaltools.gnu-tools-for-stm32.14.3.rel1.win32_1.0.100.202602081740/tools/bin/../lib/gcc/arm-none-eabi/14.3.1/../../../../arm-none-eabi/lib/thumb/v7e-m+fp/hard\libc_nano.a(libc_a-findfp.o)
                              C:/ST/STM32CubeIDE_2.1.1/STM32CubeIDE/plugins/com.st.stm32cube.ide.mcu.externaltools.gnu-tools-for-stm32.14.3.rel1.win32_1.0.100.202602081740/tools/bin/../lib/gcc/arm-none-eabi/14.3.1/../../../../arm-none-eabi/lib/thumb/v7e-m+fp/hard\libc_nano.a(libc_a-exit.o) (__stdio_exit_handler)
C:/ST/STM32CubeIDE_2.1.1/STM32CubeIDE/plugins/com.st.stm32cube.ide.mcu.externaltools.gnu-tools-for-stm32.14.3.rel1.win32_1.0.100.202602081740/tools/bin/../lib/gcc/arm-none-eabi/14.3.1/../../../../arm-none-eabi/lib/thumb/v7e-m+fp/hard\libc_nano.a(libc_a-fwalk.o)
                              C:/ST/STM32CubeIDE_2.1.1/STM32CubeIDE/plugins/com.st.stm32cube.ide.mcu.externaltools.gnu-tools-for-stm32.14.3.rel1.win32_1.0.100.202602081740/tools/bin/../lib/gcc/arm-none-eabi/14.3.1/../../../../arm-none-eabi/lib/thumb/v7e-m+fp/hard\libc_nano.a(libc_a-findfp.o) (_fwalk_sglue)
C:/ST/STM32CubeIDE_2.1.1/STM32CubeIDE/plugins/com.st.stm32cube.ide.mcu.externaltools.gnu-tools-for-stm32.14.3.rel1.win32_1.0.100.202602081740/tools/bin/../lib/gcc/arm-none-eabi/14.3.1/../../../../arm-none-eabi/lib/thumb/v7e-m+fp/hard\libc_nano.a(libc_a-stdio.o)
                              C:/ST/STM32CubeIDE_2.1.1/STM32CubeIDE/plugins/com.st.stm32cube.ide.mcu.externaltools.gnu-tools-for-stm32.14.3.rel1.win32_1.0.100.202602081740/tools/bin/../lib/gcc/arm-none-eabi/14.3.1/../../../../arm-none-eabi/lib/thumb/v7e-m+fp/hard\libc_nano.a(libc_a-findfp.o) (__sread)
C:/ST/STM32CubeIDE_2.1.1/STM32CubeIDE/plugins/com.st.stm32cube.ide.mcu.externaltools.gnu-tools-for-stm32.14.3.rel1.win32_1.0.100.202602081740/tools/bin/../lib/gcc/arm-none-eabi/14.3.1/../../../../arm-none-eabi/lib/thumb/v7e-m+fp/hard\libc_nano.a(libc_a-memset.o)
                              C:/ST/STM32CubeIDE_2.1.1/STM32CubeIDE/plugins/com.st.stm32cube.ide.mcu.externaltools.gnu-tools-for-stm32.14.3.rel1.win32_1.0.100.202602081740/tools/bin/../lib/gcc/arm-none-eabi/14.3.1/../../../../arm-none-eabi/lib/thumb/v7e-m+fp/hard/crt0.o (memset)
C:/ST/STM32CubeIDE_2.1.1/STM32CubeIDE/plugins/com.st.stm32cube.ide.mcu.externaltools.gnu-tools-for-stm32.14.3.rel1.win32_1.0.100.202602081740/tools/bin/../lib/gcc/arm-none-eabi/14.3.1/../../../../arm-none-eabi/lib/thumb/v7e-m+fp/hard\libc_nano.a(libc_a-closer.o)
                              C:/ST/STM32CubeIDE_2.1.1/STM32CubeIDE/plugins/com.st.stm32cube.ide.mcu.externaltools.gnu-tools-for-stm32.14.3.rel1.win32_1.0.100.202602081740/tools/bin/../lib/gcc/arm-none-eabi/14.3.1/../../../../arm-none-eabi/lib/thumb/v7e-m+fp/hard\libc_nano.a(libc_a-stdio.o) (_close_r)
C:/ST/STM32CubeIDE_2.1.1/STM32CubeIDE/plugins/com.st.stm32cube.ide.mcu.externaltools.gnu-tools-for-stm32.14.3.rel1.win32_1.0.100.202602081740/tools/bin/../lib/gcc/arm-none-eabi/14.3.1/../../../../arm-none-eabi/lib/thumb/v7e-m+fp/hard\libc_nano.a(libc_a-reent.o)
                              C:/ST/STM32CubeIDE_2.1.1/STM32CubeIDE/plugins/com.st.stm32cube.ide.mcu.externaltools.gnu-tools-for-stm32.14.3.rel1.win32_1.0.100.202602081740/tools/bin/../lib/gcc/arm-none-eabi/14.3.1/../../../../arm-none-eabi/lib/thumb/v7e-m+fp/hard\libc_nano.a(libc_a-closer.o) (errno)
C:/ST/STM32CubeIDE_2.1.1/STM32CubeIDE/plugins/com.st.stm32cube.ide.mcu.externaltools.gnu-tools-for-stm32.14.3.rel1.win32_1.0.100.202602081740/tools/bin/../lib/gcc/arm-none-eabi/14.3.1/../../../../arm-none-eabi/lib/thumb/v7e-m+fp/hard\libc_nano.a(libc_a-impure.o)
                              C:/ST/STM32CubeIDE_2.1.1/STM32CubeIDE/plugins/com.st.stm32cube.ide.mcu.externaltools.gnu-tools-for-stm32.14.3.rel1.win32_1.0.100.202602081740/tools/bin/../lib/gcc/arm-none-eabi/14.3.1/../../../../arm-none-eabi/lib/thumb/v7e-m+fp/hard\libc_nano.a(libc_a-reent.o) (_impure_ptr)
C:/ST/STM32CubeIDE_2.1.1/STM32CubeIDE/plugins/com.st.stm32cube.ide.mcu.externaltools.gnu-tools-for-stm32.14.3.rel1.win32_1.0.100.202602081740/tools/bin/../lib/gcc/arm-none-eabi/14.3.1/../../../../arm-none-eabi/lib/thumb/v7e-m+fp/hard\libc_nano.a(libc_a-lseekr.o)
[...]
Memory Configuration

Name             Origin             Length             Attributes
RAM              0x20000000         0x00020000         xrw
FLASH            0x08000000         0x00080000         xr
*default*        0x00000000         0xffffffff

Linker script and memory map

LOAD C:/ST/STM32CubeIDE_2.1.1/STM32CubeIDE/plugins/com.st.stm32cube.ide.mcu.externaltools.gnu-tools-for-stm32.14.3.rel1.win32_1.0.100.202602081740/tools/bin/../lib/gcc/arm-none-eabi/14.3.1/thumb/v7e-m+fp/hard/crti.o
LOAD C:/ST/STM32CubeIDE_2.1.1/STM32CubeIDE/plugins/com.st.stm32cube.ide.mcu.externaltools.gnu-tools-for-stm32.14.3.rel1.win32_1.0.100.202602081740/tools/bin/../lib/gcc/arm-none-eabi/14.3.1/thumb/v7e-m+fp/hard/crtbegin.o
LOAD C:/ST/STM32CubeIDE_2.1.1/STM32CubeIDE/plugins/com.st.stm32cube.ide.mcu.externaltools.gnu-tools-for-stm32.14.3.rel1.win32_1.0.100.202602081740/tools/bin/../lib/gcc/arm-none-eabi/14.3.1/../../../../arm-none-eabi/lib/thumb/v7e-m+fp/hard/crt0.o
LOAD ./Core/Src/main.o
LOAD ./Core/Src/stm32f4xx_hal_msp.o
LOAD ./Core/Src/stm32f4xx_it.o
LOAD ./Core/Src/syscalls.o
LOAD ./Core/Src/sysmem.o
LOAD ./Core/Src/system_stm32f4xx.o
LOAD ./Core/Startup/startup_stm32f446vetx.o
LOAD ./Drivers/STM32F4xx_HAL_Driver/Src/stm32f4xx_hal.o
LOAD ./Drivers/STM32F4xx_HAL_Driver/Src/stm32f4xx_hal_adc.o
LOAD ./Drivers/STM32F4xx_HAL_Driver/Src/stm32f4xx_hal_adc_ex.o
LOAD ./Drivers/STM32F4xx_HAL_Driver/Src/stm32f4xx_hal_can.o
LOAD ./Drivers/STM32F4xx_HAL_Driver/Src/stm32f4xx_hal_cortex.o
LOAD ./Drivers/STM32F4xx_HAL_Driver/Src/stm32f4xx_hal_dma.o
LOAD ./Drivers/STM32F4xx_HAL_Driver/Src/stm32f4xx_hal_dma_ex.o
LOAD ./Drivers/STM32F4xx_HAL_Driver/Src/stm32f4xx_hal_exti.o
LOAD ./Drivers/STM32F4xx_HAL_Driver/Src/stm32f4xx_hal_flash.o
LOAD ./Drivers/STM32F4xx_HAL_Driver/Src/stm32f4xx_hal_flash_ex.o
LOAD ./Drivers/STM32F4xx_HAL_Driver/Src/stm32f4xx_hal_flash_ramfunc.o
LOAD ./Drivers/STM32F4xx_HAL_Driver/Src/stm32f4xx_hal_gpio.o
LOAD ./Drivers/STM32F4xx_HAL_Driver/Src/stm32f4xx_hal_pwr.o
LOAD ./Drivers/STM32F4xx_HAL_Driver/Src/stm32f4xx_hal_pwr_ex.o
LOAD ./Drivers/STM32F4xx_HAL_Driver/Src/stm32f4xx_hal_rcc.o
LOAD ./Drivers/STM32F4xx_HAL_Driver/Src/stm32f4xx_hal_rcc_ex.o
START GROUP
LOAD C:/ST/STM32CubeIDE_2.1.1/STM32CubeIDE/plugins/com.st.stm32cube.ide.mcu.externaltools.gnu-tools-for-stm32.14.3.rel1.win32_1.0.100.202602081740/tools/bin/../lib/gcc/arm-none-eabi/14.3.1/../../../../arm-none-eabi/lib/thumb/v7e-m+fp/hard\libc_nano.a
LOAD C:/ST/STM32CubeIDE_2.1.1/STM32CubeIDE/plugins/com.st.stm32cube.ide.mcu.externaltools.gnu-tools-for-stm32.14.3.rel1.win32_1.0.100.202602081740/tools/bin/../lib/gcc/arm-none-eabi/14.3.1/../../../../arm-none-eabi/lib/thumb/v7e-m+fp/hard\libm.a
END GROUP
START GROUP
LOAD C:/ST/STM32CubeIDE_2.1.1/STM32CubeIDE/plugins/com.st.stm32cube.ide.mcu.externaltools.gnu-tools-for-stm32.14.3.rel1.win32_1.0.100.202602081740/tools/bin/../lib/gcc/arm-none-eabi/14.3.1/thumb/v7e-m+fp/hard\libgcc.a
LOAD C:/ST/STM32CubeIDE_2.1.1/STM32CubeIDE/plugins/com.st.stm32cube.ide.mcu.externaltools.gnu-tools-for-stm32.14.3.rel1.win32_1.0.100.202602081740/tools/bin/../lib/gcc/arm-none-eabi/14.3.1/../../../../arm-none-eabi/lib/thumb/v7e-m+fp/hard\libc_nano.a
END GROUP
START GROUP
LOAD C:/ST/STM32CubeIDE_2.1.1/STM32CubeIDE/plugins/com.st.stm32cube.ide.mcu.externaltools.gnu-tools-for-stm32.14.3.rel1.win32_1.0.100.202602081740/tools/bin/../lib/gcc/arm-none-eabi/14.3.1/thumb/v7e-m+fp/hard\libgcc.a
LOAD C:/ST/STM32CubeIDE_2.1.1/STM32CubeIDE/plugins/com.st.stm32cube.ide.mcu.externaltools.gnu-tools-for-stm32.14.3.rel1.win32_1.0.100.202602081740/tools/bin/../lib/gcc/arm-none-eabi/14.3.1/../../../../arm-none-eabi/lib/thumb/v7e-m+fp/hard\libc_nano.a
LOAD C:/ST/STM32CubeIDE_2.1.1/STM32CubeIDE/plugins/com.st.stm32cube.ide.mcu.externaltools.gnu-tools-for-stm32.14.3.rel1.win32_1.0.100.202602081740/tools/bin/../lib/gcc/arm-none-eabi/14.3.1/../../../../arm-none-eabi/lib/thumb/v7e-m+fp/hard\libnosys.a
END GROUP
START GROUP
LOAD C:/ST/STM32CubeIDE_2.1.1/STM32CubeIDE/plugins/com.st.stm32cube.ide.mcu.externaltools.gnu-tools-for-stm32.14.3.rel1.win32_1.0.100.202602081740/tools/bin/../lib/gcc/arm-none-eabi/14.3.1/thumb/v7e-m+fp/hard\libgcc.a
LOAD C:/ST/STM32CubeIDE_2.1.1/STM32CubeIDE/plugins/com.st.stm32cube.ide.mcu.externaltools.gnu-tools-for-stm32.14.3.rel1.win32_1.0.100.202602081740/tools/bin/../lib/gcc/arm-none-eabi/14.3.1/../../../../arm-none-eabi/lib/thumb/v7e-m+fp/hard\libc_nano.a
LOAD C:/ST/STM32CubeIDE_2.1.1/STM32CubeIDE/plugins/com.st.stm32cube.ide.mcu.externaltools.gnu-tools-for-stm32.14.3.rel1.win32_1.0.100.202602081740/tools/bin/../lib/gcc/arm-none-eabi/14.3.1/../../../../arm-none-eabi/lib/thumb/v7e-m+fp/hard\libnosys.a
END GROUP
LOAD C:/ST/STM32CubeIDE_2.1.1/STM32CubeIDE/plugins/com.st.stm32cube.ide.mcu.externaltools.gnu-tools-for-stm32.14.3.rel1.win32_1.0.100.202602081740/tools/bin/../lib/gcc/arm-none-eabi/14.3.1/thumb/v7e-m+fp/hard/crtend.o
LOAD C:/ST/STM32CubeIDE_2.1.1/STM32CubeIDE/plugins/com.st.stm32cube.ide.mcu.externaltools.gnu-tools-for-stm32.14.3.rel1.win32_1.0.100.202602081740/tools/bin/../lib/gcc/arm-none-eabi/14.3.1/thumb/v7e-m+fp/hard/crtn.o
                0x20020000                        _estack = (ORIGIN (RAM) + LENGTH (RAM))
                0x00000200                        _Min_Heap_Size = 0x200
                0x00000400                        _Min_Stack_Size = 0x400

.isr_vector     0x08000000      0x1c4
                0x08000000                        . = ALIGN (0x4)
 *(.isr_vector)
 .isr_vector    0x08000000      0x1c4 ./Core/Startup/startup_stm32f446vetx.o
                0x08000000                g_pfnVectors
                0x080001c4                        . = ALIGN (0x4)

.text           0x080001c4     0x4b90
                0x080001c4                        . = ALIGN (0x4)
 *(.text)
 .text          0x080001c4       0x40 C:/ST/STM32CubeIDE_2.1.1/STM32CubeIDE/plugins/com.st.stm32cube.ide.mcu.externaltools.gnu-tools-for-stm32.14.3.rel1.win32_1.0.100.202602081740/tools/bin/../lib/gcc/arm-none-eabi/14.3.1/thumb/v7e-m+fp/hard/crtbegin.o
 .text          0x08000204       0x30 C:/ST/STM32CubeIDE_2.1.1/STM32CubeIDE/plugins/com.st.stm32cube.ide.mcu.externaltools.gnu-tools-for-stm32.14.3.rel1.win32_1.0.100.202602081740/tools/bin/../lib/gcc/arm-none-eabi/14.3.1/thumb/v7e-m+fp/hard\libgcc.a(_aeabi_uldivmod.o)
                0x08000204                __aeabi_uldivmod
 .text          0x08000234      0x2f8 C:/ST/STM32CubeIDE_2.1.1/STM32CubeIDE/plugins/com.st.stm32cube.ide.mcu.externaltools.gnu-tools-for-stm32.14.3.rel1.win32_1.0.100.202602081740/tools/bin/../lib/gcc/arm-none-eabi/14.3.1/thumb/v7e-m+fp/hard\libgcc.a(_udivmoddi4.o)
                0x08000234                __udivmoddi4
 .text          0x0800052c        0x4 C:/ST/STM32CubeIDE_2.1.1/STM32CubeIDE/plugins/com.st.stm32cube.ide.mcu.externaltools.gnu-tools-for-stm32.14.3.rel1.win32_1.0.100.202602081740/tools/bin/../lib/gcc/arm-none-eabi/14.3.1/thumb/v7e-m+fp/hard\libgcc.a(_dvmd_tls.o)
                0x0800052c                __aeabi_idiv0
                0x0800052c                __aeabi_ldiv0
 *(.text*)
 .text.EPS_Set_Fuse_State
                0x08000530       0x26 ./Core/Src/main.o
                0x08000530                EPS_Set_Fuse_State
 .text.EPS_Set_Buck_State
                0x08000556       0x26 ./Core/Src/main.o
                0x08000556                EPS_Set_Buck_State
 .text.Build_CAN_ID_FromStruct
                0x0800057c       0x7c ./Core/Src/main.o
                0x0800057c                Build_CAN_ID_FromStruct
 .text.CAN_Send_ADC15_Segmented
                0x080005f8      0x120 ./Core/Src/main.o
                0x080005f8                CAN_Send_ADC15_Segmented
 .text.CAN_Send_EPS_Heartbeat
                0x08000718       0x70 ./Core/Src/main.o
                0x08000718                CAN_Send_EPS_Heartbeat
 .text.CAN_Send_EPS_Housekeeping
                0x08000788      0x418 ./Core/Src/main.o
                0x08000788                CAN_Send_EPS_Housekeeping
 .text.CAN_Send_Voltages
                0x08000ba0      0x230 ./Core/Src/main.o
                0x08000ba0                CAN_Send_Voltages
 .text.CAN_Send_Currents
                0x08000dd0      0x1cc ./Core/Src/main.o
                0x08000dd0                CAN_Send_Currents
 .text.CAN_Send_PowerGood
                0x08000f9c      0x1a0 ./Core/Src/main.o
                0x08000f9c                CAN_Send_PowerGood
 .text.main     0x0800113c      0x3e4 ./Core/Src/main.o
                0x0800113c                main
 .text.SystemClock_Config
                0x08001520       0xd8 ./Core/Src/main.o
                0x08001520                SystemClock_Config
 .text.MX_ADC1_Init
                0x080015f8      0x22c ./Core/Src/main.o
 .text.MX_CAN1_Init
                0x08001824       0x6c ./Core/Src/main.o
 .text.MX_DMA_Init
                0x08001890       0x40 ./Core/Src/main.o
 .text.MX_GPIO_Init
                0x080018d0      0x210 ./Core/Src/main.o
 .text.HAL_CAN_RxFifo0MsgPendingCallback
                0x08001ae0      0x17c ./Core/Src/main.o
                0x08001ae0                HAL_CAN_RxFifo0MsgPendingCallback
 .text.Error_Handler
                0x08001c5c        0xc ./Core/Src/main.o
                0x08001c5c                Error_Handler
 .text.HAL_MspInit
                0x08001c68       0x50 ./Core/Src/stm32f4xx_hal_msp.o
                0x08001c68                HAL_MspInit
 .text.HAL_ADC_MspInit
                0x08001cb8      0x160 ./Core/Src/stm32f4xx_hal_msp.o
                0x08001cb8                HAL_ADC_MspInit
 .text.HAL_CAN_MspInit
                0x08001e18       0xa0 ./Core/Src/stm32f4xx_hal_msp.o
                0x08001e18                HAL_CAN_MspInit
 .text.NMI_Handler
                0x08001eb8        0x8 ./Core/Src/stm32f4xx_it.o
                0x08001eb8                NMI_Handler
 .text.HardFault_Handler
                0x08001ec0        0x8 ./Core/Src/stm32f4xx_it.o
                0x08001ec0                HardFault_Handler
 .text.MemManage_Handler
                0x08001ec8        0x8 ./Core/Src/stm32f4xx_it.o
                0x08001ec8                MemManage_Handler
 .text.BusFault_Handler
                0x08001ed0        0x8 ./Core/Src/stm32f4xx_it.o
                0x08001ed0                BusFault_Handler
 .text.UsageFault_Handler
                0x08001ed8        0x8 ./Core/Src/stm32f4xx_it.o
                0x08001ed8                UsageFault_Handler
 .text.SVC_Handler
                0x08001ee0        0xe ./Core/Src/stm32f4xx_it.o
                0x08001ee0                SVC_Handler
 .text.DebugMon_Handler
                0x08001eee        0xe ./Core/Src/stm32f4xx_it.o
                0x08001eee                DebugMon_Handler
 .text.PendSV_Handler
                0x08001efc        0xe ./Core/Src/stm32f4xx_it.o
                0x08001efc                PendSV_Handler
 .text.SysTick_Handler
                0x08001f0a        0xc ./Core/Src/stm32f4xx_it.o
                0x08001f0a                SysTick_Handler
 *fill*         0x08001f16        0x2 
 .text.CAN1_RX0_IRQHandler
                0x08001f18       0x14 ./Core/Src/stm32f4xx_it.o
                0x08001f18                CAN1_RX0_IRQHandler
 .text.DMA2_Stream0_IRQHandler
                0x08001f2c       0x14 ./Core/Src/stm32f4xx_it.o
                0x08001f2c                DMA2_Stream0_IRQHandler
 .text.SystemInit
                0x08001f40       0x24 ./Core/Src/system_stm32f4xx.o
                0x08001f40                SystemInit
 .text.Reset_Handler
                0x08001f64       0x50 ./Core/Startup/startup_stm32f446vetx.o
                0x08001f64                Reset_Handler
 .text.Default_Handler
                0x08001fb4        0x2 ./Core/Startup/startup_stm32f446vetx.o
                0x08001fb4                RTC_Alarm_IRQHandler
                0x08001fb4                EXTI2_IRQHandler
                0x08001fb4                TIM8_CC_IRQHandler
                0x08001fb4                FMPI2C1_EV_IRQHandler
                0x08001fb4                SPI4_IRQHandler
                0x08001fb4                TIM1_CC_IRQHandler
                0x08001fb4                DMA2_Stream5_IRQHandler
                0x08001fb4                DMA1_Stream5_IRQHandler
                0x08001fb4                PVD_IRQHandler
                0x08001fb4                SDIO_IRQHandler
                0x08001fb4                TAMP_STAMP_IRQHandler
                0x08001fb4                CAN2_RX1_IRQHandler
                0x08001fb4                EXTI3_IRQHandler
                0x08001fb4                TIM8_TRG_COM_TIM14_IRQHandler
                0x08001fb4                TIM1_UP_TIM10_IRQHandler
                0x08001fb4                TIM8_UP_TIM13_IRQHandler
                0x08001fb4                I2C3_ER_IRQHandler
                0x08001fb4                EXTI0_IRQHandler
                0x08001fb4                I2C2_EV_IRQHandler
                0x08001fb4                DMA1_Stream2_IRQHandler
                0x08001fb4                FPU_IRQHandler
                0x08001fb4                OTG_HS_WKUP_IRQHandler
                0x08001fb4                CAN2_SCE_IRQHandler
                0x08001fb4                DMA2_Stream2_IRQHandler
                0x08001fb4                SPI1_IRQHandler
                0x08001fb4                TIM6_DAC_IRQHandler
                0x08001fb4                TIM1_BRK_TIM9_IRQHandler
                0x08001fb4                DCMI_IRQHandler
                0x08001fb4                CAN2_RX0_IRQHandler
                0x08001fb4                DMA2_Stream3_IRQHandler
                0x08001fb4                SAI2_IRQHandler
                0x08001fb4                USART6_IRQHandler
                0x08001fb4                USART3_IRQHandler
                0x08001fb4                CAN1_RX1_IRQHandler
                0x08001fb4                UART5_IRQHandler
                0x08001fb4                TIM4_IRQHandler
                0x08001fb4                QUADSPI_IRQHandler
                0x08001fb4                I2C1_EV_IRQHandler
                0x08001fb4                DMA1_Stream6_IRQHandler
                0x08001fb4                DMA1_Stream1_IRQHandler
                0x08001fb4                UART4_IRQHandler
                0x08001fb4                TIM3_IRQHandler
                0x08001fb4                RCC_IRQHandler
                0x08001fb4                TIM8_BRK_TIM12_IRQHandler
                0x08001fb4                Default_Handler
                0x08001fb4                CEC_IRQHandler
                0x08001fb4                EXTI15_10_IRQHandler
                0x08001fb4                ADC_IRQHandler
                0x08001fb4                DMA1_Stream7_IRQHandler
                0x08001fb4                TIM7_IRQHandler
                0x08001fb4                CAN2_TX_IRQHandler
                0x08001fb4                TIM5_IRQHandler
                0x08001fb4                DMA2_Stream7_IRQHandler
                0x08001fb4                I2C3_EV_IRQHandler
                0x08001fb4                EXTI9_5_IRQHandler
                0x08001fb4                RTC_WKUP_IRQHandler
                0x08001fb4                SPDIF_RX_IRQHandler
                0x08001fb4                SPI2_IRQHandler
                0x08001fb4                OTG_HS_EP1_IN_IRQHandler
                0x08001fb4                DMA1_Stream0_IRQHandler
                0x08001fb4                CAN1_TX_IRQHandler
                0x08001fb4                FMPI2C1_ER_IRQHandler
                0x08001fb4                EXTI4_IRQHandler
                0x08001fb4                OTG_HS_EP1_OUT_IRQHandler
                0x08001fb4                WWDG_IRQHandler
                0x08001fb4                TIM2_IRQHandler
                0x08001fb4                OTG_FS_WKUP_IRQHandler
                0x08001fb4                TIM1_TRG_COM_TIM11_IRQHandler
                0x08001fb4                OTG_HS_IRQHandler
                0x08001fb4                EXTI1_IRQHandler
                0x08001fb4                USART2_IRQHandler
                0x08001fb4                I2C2_ER_IRQHandler
                0x08001fb4                DMA2_Stream1_IRQHandler
                0x08001fb4                CAN1_SCE_IRQHandler
                0x08001fb4                FLASH_IRQHandler
                0x08001fb4                DMA2_Stream4_IRQHandler
                0x08001fb4                USART1_IRQHandler
                0x08001fb4                OTG_FS_IRQHandler
                0x08001fb4                SPI3_IRQHandler
                0x08001fb4                DMA1_Stream4_IRQHandler
                0x08001fb4                I2C1_ER_IRQHandler
                0x08001fb4                FMC_IRQHandler
                0x08001fb4                DMA2_Stream6_IRQHandler
                0x08001fb4                SAI1_IRQHandler
                0x08001fb4                DMA1_Stream3_IRQHandler
 *fill*         0x08001fb6        0x2 
 .text.HAL_Init
                0x08001fb8       0x44 ./Drivers/STM32F4xx_HAL_Driver/Src/stm32f4xx_hal.o
                0x08001fb8                HAL_Init
 .text.HAL_InitTick
                0x08001ffc       0x60 ./Drivers/STM32F4xx_HAL_Driver/Src/stm32f4xx_hal.o
                0x08001ffc                HAL_InitTick
 .text.HAL_IncTick
                0x0800205c       0x28 ./Drivers/STM32F4xx_HAL_Driver/Src/stm32f4xx_hal.o
                0x0800205c                HAL_IncTick
 .text.HAL_GetTick
                0x08002084       0x18 ./Drivers/STM32F4xx_HAL_Driver/Src/stm32f4xx_hal.o
                0x08002084                HAL_GetTick
 .text.HAL_Delay
                0x0800209c       0x48 ./Drivers/STM32F4xx_HAL_Driver/Src/stm32f4xx_hal.o
                0x0800209c                HAL_Delay
 .text.HAL_ADC_Init
                0x080020e4       0x86 ./Drivers/STM32F4xx_HAL_Driver/Src/stm32f4xx_hal_adc.o
                0x080020e4                HAL_ADC_Init
 *fill*         0x0800216a        0x2 
 .text.HAL_ADC_Start_DMA
                0x0800216c      0x228 ./Drivers/STM32F4xx_HAL_Driver/Src/stm32f4xx_hal_adc.o
                0x0800216c                HAL_ADC_Start_DMA
 .text.HAL_ADC_ConvCpltCallback
                0x08002394       0x14 ./Drivers/STM32F4xx_HAL_Driver/Src/stm32f4xx_hal_adc.o
                0x08002394                HAL_ADC_ConvCpltCallback
 .text.HAL_ADC_ConvHalfCpltCallback
                0x080023a8       0x14 ./Drivers/STM32F4xx_HAL_Driver/Src/stm32f4xx_hal_adc.o
                0x080023a8                HAL_ADC_ConvHalfCpltCallback
 .text.HAL_ADC_ErrorCallback
                0x080023bc       0x14 ./Drivers/STM32F4xx_HAL_Driver/Src/stm32f4xx_hal_adc.o
                0x080023bc                HAL_ADC_ErrorCallback
 .text.HAL_ADC_ConfigChannel
                0x080023d0      0x264 ./Drivers/STM32F4xx_HAL_Driver/Src/stm32f4xx_hal_adc.o
                0x080023d0                HAL_ADC_ConfigChannel
 .text.ADC_Init
                0x08002634      0x1f8 ./Drivers/STM32F4xx_HAL_Driver/Src/stm32f4xx_hal_adc.o
 .text.ADC_DMAConvCplt
                0x0800282c       0xba ./Drivers/STM32F4xx_HAL_Driver/Src/stm32f4xx_hal_adc.o
 .text.ADC_DMAHalfConvCplt
                0x080028e6       0x1c ./Drivers/STM32F4xx_HAL_Driver/Src/stm32f4xx_hal_adc.o
 .text.ADC_DMAError
                0x08002902       0x2e ./Drivers/STM32F4xx_HAL_Driver/Src/stm32f4xx_hal_adc.o
 .text.HAL_CAN_Init
                0x08002930      0x1f6 ./Drivers/STM32F4xx_HAL_Driver/Src/stm32f4xx_hal_can.o
                0x08002930                HAL_CAN_Init
 *fill*         0x08002b26        0x2 
 .text.HAL_CAN_ConfigFilter
                0x08002b28      0x1bc ./Drivers/STM32F4xx_HAL_Driver/Src/stm32f4xx_hal_can.o
                0x08002b28                HAL_CAN_ConfigFilter
 .text.HAL_CAN_Start
                0x08002ce4       0x88 ./Drivers/STM32F4xx_HAL_Driver/Src/stm32f4xx_hal_can.o
                0x08002ce4                HAL_CAN_Start
 .text.HAL_CAN_AddTxMessage
                0x08002d6c      0x1a0 ./Drivers/STM32F4xx_HAL_Driver/Src/stm32f4xx_hal_can.o
                0x08002d6c                HAL_CAN_AddTxMessage
 .text.HAL_CAN_GetRxMessage
                0x08002f0c      0x244 ./Drivers/STM32F4xx_HAL_Driver/Src/stm32f4xx_hal_can.o
                0x08002f0c                HAL_CAN_GetRxMessage
 .text.HAL_CAN_ActivateNotification
                0x08003150       0x4c ./Drivers/STM32F4xx_HAL_Driver/Src/stm32f4xx_hal_can.o
                0x08003150                HAL_CAN_ActivateNotification
 .text.HAL_CAN_IRQHandler
                0x0800319c      0x36e ./Drivers/STM32F4xx_HAL_Driver/Src/stm32f4xx_hal_can.o
                0x0800319c                HAL_CAN_IRQHandler
 .text.HAL_CAN_TxMailbox0CompleteCallback
                0x0800350a       0x14 ./Drivers/STM32F4xx_HAL_Driver/Src/stm32f4xx_hal_can.o
                0x0800350a                HAL_CAN_TxMailbox0CompleteCallback
 .text.HAL_CAN_TxMailbox1CompleteCallback
                0x0800351e       0x14 ./Drivers/STM32F4xx_HAL_Driver/Src/stm32f4xx_hal_can.o
                0x0800351e                HAL_CAN_TxMailbox1CompleteCallback
 .text.HAL_CAN_TxMailbox2CompleteCallback
                0x08003532       0x14 ./Drivers/STM32F4xx_HAL_Driver/Src/stm32f4xx_hal_can.o
                0x08003532                HAL_CAN_TxMailbox2CompleteCallback
 .text.HAL_CAN_TxMailbox0AbortCallback
                0x08003546       0x14 ./Drivers/STM32F4xx_HAL_Driver/Src/stm32f4xx_hal_can.o
                0x08003546                HAL_CAN_TxMailbox0AbortCallback
 .text.HAL_CAN_TxMailbox1AbortCallback
                0x0800355a       0x14 ./Drivers/STM32F4xx_HAL_Driver/Src/stm32f4xx_hal_can.o
                0x0800355a                HAL_CAN_TxMailbox1AbortCallback
 .text.HAL_CAN_TxMailbox2AbortCallback
                0x0800356e       0x14 ./Drivers/STM32F4xx_HAL_Driver/Src/stm32f4xx_hal_can.o
                0x0800356e                HAL_CAN_TxMailbox2AbortCallback
 .text.HAL_CAN_RxFifo0FullCallback
                0x08003582       0x14 ./Drivers/STM32F4xx_HAL_Driver/Src/stm32f4xx_hal_can.o
                0x08003582                HAL_CAN_RxFifo0FullCallback
 .text.HAL_CAN_RxFifo1MsgPendingCallback
                0x08003596       0x14 ./Drivers/STM32F4xx_HAL_Driver/Src/stm32f4xx_hal_can.o
                0x08003596                HAL_CAN_RxFifo1MsgPendingCallback
 .text.HAL_CAN_RxFifo1FullCallback
                0x080035aa       0x14 ./Drivers/STM32F4xx_HAL_Driver/Src/stm32f4xx_hal_can.o
                0x080035aa                HAL_CAN_RxFifo1FullCallback
 .text.HAL_CAN_SleepCallback
                0x080035be       0x14 ./Drivers/STM32F4xx_HAL_Driver/Src/stm32f4xx_hal_can.o
                0x080035be                HAL_CAN_SleepCallback
 .text.HAL_CAN_WakeUpFromRxMsgCallback
                0x080035d2       0x14 ./Drivers/STM32F4xx_HAL_Driver/Src/stm32f4xx_hal_can.o
                0x080035d2                HAL_CAN_WakeUpFromRxMsgCallback
 .text.HAL_CAN_ErrorCallback
                0x080035e6       0x14 ./Drivers/STM32F4xx_HAL_Driver/Src/stm32f4xx_hal_can.o
                0x080035e6                HAL_CAN_ErrorCallback
 *fill*         0x080035fa        0x2 
 .text.__NVIC_SetPriorityGrouping
                0x080035fc       0x48 ./Drivers/STM32F4xx_HAL_Driver/Src/stm32f4xx_hal_cortex.o
 .text.__NVIC_GetPriorityGrouping
                0x08003644       0x1c ./Drivers/STM32F4xx_HAL_Driver/Src/stm32f4xx_hal_cortex.o
 .text.__NVIC_EnableIRQ
                0x08003660       0x3c ./Drivers/STM32F4xx_HAL_Driver/Src/stm32f4xx_hal_cortex.o
 .text.__NVIC_SetPriority
                0x0800369c       0x54 ./Drivers/STM32F4xx_HAL_Driver/Src/stm32f4xx_hal_cortex.o
 .text.NVIC_EncodePriority
                0x080036f0       0x66 ./Drivers/STM32F4xx_HAL_Driver/Src/stm32f4xx_hal_cortex.o
 *fill*         0x08003756        0x2 
 .text.SysTick_Config
                0x08003758       0x44 ./Drivers/STM32F4xx_HAL_Driver/Src/stm32f4xx_hal_cortex.o
 .text.HAL_NVIC_SetPriorityGrouping
                0x0800379c       0x16 ./Drivers/STM32F4xx_HAL_Driver/Src/stm32f4xx_hal_cortex.o
                0x0800379c                HAL_NVIC_SetPriorityGrouping
 .text.HAL_NVIC_SetPriority
                0x080037b2       0x38 ./Drivers/STM32F4xx_HAL_Driver/Src/stm32f4xx_hal_cortex.o
                0x080037b2                HAL_NVIC_SetPriority
 .text.HAL_NVIC_EnableIRQ
                0x080037ea       0x1c ./Drivers/STM32F4xx_HAL_Driver/Src/stm32f4xx_hal_cortex.o
                0x080037ea                HAL_NVIC_EnableIRQ
 .text.HAL_SYSTICK_Config
                0x08003806       0x18 ./Drivers/STM32F4xx_HAL_Driver/Src/stm32f4xx_hal_cortex.o
                0x08003806                HAL_SYSTICK_Config
 *fill*         0x0800381e        0x2 
 .text.HAL_DMA_Init
                0x08003820      0x15c ./Drivers/STM32F4xx_HAL_Driver/Src/stm32f4xx_hal_dma.o
                0x08003820                HAL_DMA_Init
 .text.HAL_DMA_Start_IT
                0x0800397c       0xb0 ./Drivers/STM32F4xx_HAL_Driver/Src/stm32f4xx_hal_dma.o
                0x0800397c                HAL_DMA_Start_IT
 .text.HAL_DMA_IRQHandler
                0x08003a2c      0x314 ./Drivers/STM32F4xx_HAL_Driver/Src/stm32f4xx_hal_dma.o
                0x08003a2c                HAL_DMA_IRQHandler
 .text.DMA_SetConfig
                0x08003d40       0x5c ./Drivers/STM32F4xx_HAL_Driver/Src/stm32f4xx_hal_dma.o
 .text.DMA_CalcBaseAndBitshift
                0x08003d9c       0x6c ./Drivers/STM32F4xx_HAL_Driver/Src/stm32f4xx_hal_dma.o
 .text.DMA_CheckFifoParam
                0x08003e08       0xf8 ./Drivers/STM32F4xx_HAL_Driver/Src/stm32f4xx_hal_dma.o
 .text.HAL_GPIO_Init
                0x08003f00      0x328 ./Drivers/STM32F4xx_HAL_Driver/Src/stm32f4xx_hal_gpio.o
                0x08003f00                HAL_GPIO_Init
 .text.HAL_GPIO_ReadPin
                0x08004228       0x30 ./Drivers/STM32F4xx_HAL_Driver/Src/stm32f4xx_hal_gpio.o
                0x08004228                HAL_GPIO_ReadPin
 .text.HAL_GPIO_WritePin
                0x08004258       0x32 ./Drivers/STM32F4xx_HAL_Driver/Src/stm32f4xx_hal_gpio.o
                0x08004258                HAL_GPIO_WritePin
 *fill*         0x0800428a        0x2 
 .text.HAL_RCC_ClockConfig
                0x0800428c      0x1cc ./Drivers/STM32F4xx_HAL_Driver/Src/stm32f4xx_hal_rcc.o
                0x0800428c                HAL_RCC_ClockConfig
 .text.HAL_RCC_GetSysClockFreq
                0x08004458      0x350 ./Drivers/STM32F4xx_HAL_Driver/Src/stm32f4xx_hal_rcc_ex.o
                0x08004458                HAL_RCC_GetSysClockFreq
 .text.HAL_RCC_OscConfig
                0x080047a8      0x53c ./Drivers/STM32F4xx_HAL_Driver/Src/stm32f4xx_hal_rcc_ex.o
                0x080047a8                HAL_RCC_OscConfig
 .text.memset   0x08004ce4       0x10 C:/ST/STM32CubeIDE_2.1.1/STM32CubeIDE/plugins/com.st.stm32cube.ide.mcu.externaltools.gnu-tools-for-stm32.14.3.rel1.win32_1.0.100.202602081740/tools/bin/../lib/gcc/arm-none-eabi/14.3.1/../../../../arm-none-eabi/lib/thumb/v7e-m+fp/hard\libc_nano.a(libc_a-memset.o)
                0x08004ce4                memset
 .text.__libc_init_array
                0x08004cf4       0x48 C:/ST/STM32CubeIDE_2.1.1/STM32CubeIDE/plugins/com.st.stm32cube.ide.mcu.externaltools.gnu-tools-for-stm32.14.3.rel1.win32_1.0.100.202602081740/tools/bin/../lib/gcc/arm-none-eabi/14.3.1/../../../../arm-none-eabi/lib/thumb/v7e-m+fp/hard\libc_nano.a(libc_a-init.o)
                0x08004cf4                __libc_init_array
 *(.glue_7)
 .glue_7        0x08004d3c        0x0 linker stubs
 *(.glue_7t)
 .glue_7t       0x08004d3c        0x0 linker stubs
 *(.eh_frame)
 .eh_frame      0x08004d3c        0x0 C:/ST/STM32CubeIDE_2.1.1/STM32CubeIDE/plugins/com.st.stm32cube.ide.mcu.externaltools.gnu-tools-for-stm32.14.3.rel1.win32_1.0.100.202602081740/tools/bin/../lib/gcc/arm-none-eabi/14.3.1/thumb/v7e-m+fp/hard/crtbegin.o
 *(.init)
 .init          0x08004d3c        0x4 C:/ST/STM32CubeIDE_2.1.1/STM32CubeIDE/plugins/com.st.stm32cube.ide.mcu.externaltools.gnu-tools-for-stm32.14.3.rel1.win32_1.0.100.202602081740/tools/bin/../lib/gcc/arm-none-eabi/14.3.1/thumb/v7e-m+fp/hard/crti.o
                0x08004d3c                _init
 .init          0x08004d40        0x8 C:/ST/STM32CubeIDE_2.1.1/STM32CubeIDE/plugins/com.st.stm32cube.ide.mcu.externaltools.gnu-tools-for-stm32.14.3.rel1.win32_1.0.100.202602081740/tools/bin/../lib/gcc/arm-none-eabi/14.3.1/thumb/v7e-m+fp/hard/crtn.o
 *(.fini)
 .fini          0x08004d48        0x4 C:/ST/STM32CubeIDE_2.1.1/STM32CubeIDE/plugins/com.st.stm32cube.ide.mcu.externaltools.gnu-tools-for-stm32.14.3.rel1.win32_1.0.100.202602081740/tools/bin/../lib/gcc/arm-none-eabi/14.3.1/thumb/v7e-m+fp/hard/crti.o
                0x08004d48                _fini
 .fini          0x08004d4c        0x8 C:/ST/STM32CubeIDE_2.1.1/STM32CubeIDE/plugins/com.st.stm32cube.ide.mcu.externaltools.gnu-tools-for-stm32.14.3.rel1.win32_1.0.100.202602081740/tools/bin/../lib/gcc/arm-none-eabi/14.3.1/thumb/v7e-m+fp/hard/crtn.o
                0x08004d54                        . = ALIGN (0x4)
                0x08004d54                        _etext = .

.vfp11_veneer   0x08004d54        0x0
 .vfp11_veneer  0x08004d54        0x0 linker stubs

.v4_bx          0x08004d54        0x0
 .v4_bx         0x08004d54        0x0 linker stubs

.iplt           0x08004d54        0x0
 .iplt          0x08004d54        0x0 C:/ST/STM32CubeIDE_2.1.1/STM32CubeIDE/plugins/com.st.stm32cube.ide.mcu.externaltools.gnu-tools-for-stm32.14.3.rel1.win32_1.0.100.202602081740/tools/bin/../lib/gcc/arm-none-eabi/14.3.1/thumb/v7e-m+fp/hard/crtbegin.o

.rodata         0x08004d54       0x18
                0x08004d54                        . = ALIGN (0x4)
 *(.rodata)
 *(.rodata*)
 .rodata.AHBPrescTable
                0x08004d54       0x10 ./Core/Src/system_stm32f4xx.o
                0x08004d54                AHBPrescTable
 .rodata.flagBitshiftOffset.0
                0x08004d64        0x8 ./Drivers/STM32F4xx_HAL_Driver/Src/stm32f4xx_hal_dma.o
                0x08004d6c                        . = ALIGN (0x4)

.ARM.extab      0x08004d6c        0x0
                0x08004d6c                        . = ALIGN (0x4)
 *(.ARM.extab* .gnu.linkonce.armextab.*)
                0x08004d6c                        . = ALIGN (0x4)

.ARM            0x08004d6c        0x8
                0x08004d6c                        . = ALIGN (0x4)
                0x08004d6c                        __exidx_start = .
 *(.ARM.exidx*)
 .ARM.exidx     0x08004d6c        0x8 C:/ST/STM32CubeIDE_2.1.1/STM32CubeIDE/plugins/com.st.stm32cube.ide.mcu.externaltools.gnu-tools-for-stm32.14.3.rel1.win32_1.0.100.202602081740/tools/bin/../lib/gcc/arm-none-eabi/14.3.1/thumb/v7e-m+fp/hard\libgcc.a(_udivmoddi4.o)
                0x08004d74                        __exidx_end = .
                0x08004d74                        . = ALIGN (0x4)

.preinit_array  0x08004d74        0x0
                0x08004d74                        . = ALIGN (0x4)
                0x08004d74                        PROVIDE (__preinit_array_start = .)
 *(.preinit_array*)
                0x08004d74                        PROVIDE (__preinit_array_end = .)
                0x08004d74                        . = ALIGN (0x4)

.init_array     0x08004d74        0x4
                0x08004d74                        . = ALIGN (0x4)
                0x08004d74                        PROVIDE (__init_array_start = .)
 *(SORT_BY_NAME(.init_array.*))
 *(.init_array*)
 .init_array    0x08004d74        0x4 C:/ST/STM32CubeIDE_2.1.1/STM32CubeIDE/plugins/com.st.stm32cube.ide.mcu.externaltools.gnu-tools-for-stm32.14.3.rel1.win32_1.0.100.202602081740/tools/bin/../lib/gcc/arm-none-eabi/14.3.1/thumb/v7e-m+fp/hard/crtbegin.o
                0x08004d78                        PROVIDE (__init_array_end = .)
                0x08004d78                        . = ALIGN (0x4)

.fini_array     0x08004d78        0x4
                0x08004d78                        . = ALIGN (0x4)
                [!provide]                        PROVIDE (__fini_array_start = .)
 *(SORT_BY_NAME(.fini_array.*))
 *(.fini_array*)
 .fini_array    0x08004d78        0x4 C:/ST/STM32CubeIDE_2.1.1/STM32CubeIDE/plugins/com.st.stm32cube.ide.mcu.externaltools.gnu-tools-for-stm32.14.3.rel1.win32_1.0.100.202602081740/tools/bin/../lib/gcc/arm-none-eabi/14.3.1/thumb/v7e-m+fp/hard/crtbegin.o
                [!provide]                        PROVIDE (__fini_array_end = .)
                0x08004d7c                        . = ALIGN (0x4)
                0x08004d7c                        _sidata = LOADADDR (.data)

.rel.dyn        0x08004d7c        0x0
 .rel.iplt      0x08004d7c        0x0 C:/ST/STM32CubeIDE_2.1.1/STM32CubeIDE/plugins/com.st.stm32cube.ide.mcu.externaltools.gnu-tools-for-stm32.14.3.rel1.win32_1.0.100.202602081740/tools/bin/../lib/gcc/arm-none-eabi/14.3.1/thumb/v7e-m+fp/hard/crtbegin.o

.data           0x20000000        0xc load address 0x08004d7c
                0x20000000                        . = ALIGN (0x4)
                0x20000000                        _sdata = .
 *(.data)
 *(.data*)
 .data.SystemCoreClock
                0x20000000        0x4 ./Core/Src/system_stm32f4xx.o
                0x20000000                SystemCoreClock
 .data.uwTickPrio
                0x20000004        0x4 ./Drivers/STM32F4xx_HAL_Driver/Src/stm32f4xx_hal.o
                0x20000004                uwTickPrio
 .data.uwTickFreq
                0x20000008        0x1 ./Drivers/STM32F4xx_HAL_Driver/Src/stm32f4xx_hal.o
                0x20000008                uwTickFreq
 *(.RamFunc)
 *(.RamFunc*)
                0x2000000c                        . = ALIGN (0x4)
 *fill*         0x20000009        0x3 
                0x2000000c                        _edata = .

.igot.plt       0x2000000c        0x0 load address 0x08004d88
 .igot.plt      0x2000000c        0x0 C:/ST/STM32CubeIDE_2.1.1/STM32CubeIDE/plugins/com.st.stm32cube.ide.mcu.externaltools.gnu-tools-for-stm32.14.3.rel1.win32_1.0.100.202602081740/tools/bin/../lib/gcc/arm-none-eabi/14.3.1/thumb/v7e-m+fp/hard/crtbegin.o
                0x2000000c                        . = ALIGN (0x4)

.bss            0x2000000c      0x18c load address 0x08004d88
                0x2000000c                        _sbss = .
                0x2000000c                        __bss_start__ = _sbss
 *(.bss)
 .bss           0x2000000c       0x1c C:/ST/STM32CubeIDE_2.1.1/STM32CubeIDE/plugins/com.st.stm32cube.ide.mcu.externaltools.gnu-tools-for-stm32.14.3.rel1.win32_1.0.100.202602081740/tools/bin/../lib/gcc/arm-none-eabi/14.3.1/thumb/v7e-m+fp/hard/crtbegin.o
 *(.bss*)
 .bss.hadc1     0x20000028       0x48 ./Core/Src/main.o
                0x20000028                hadc1
 .bss.hdma_adc1
                0x20000070       0x60 ./Core/Src/main.o
                0x20000070                hdma_adc1
 .bss.hcan1     0x200000d0       0x28 ./Core/Src/main.o
                0x200000d0                hcan1
 .bss.txHeader  0x200000f8       0x18 ./Core/Src/main.o
                0x200000f8                txHeader
 .bss.txData    0x20000110        0x8 ./Core/Src/main.o
                0x20000110                txData
 .bss.txMailbox
                0x20000118        0x4 ./Core/Src/main.o
                0x20000118                txMailbox
 .bss.rxHeader  0x2000011c       0x1c ./Core/Src/main.o
                0x2000011c                rxHeader
 .bss.rxData    0x20000138        0x8 ./Core/Src/main.o
                0x20000138                rxData
 .bss.resistors
                0x20000140       0x14 ./Core/Src/main.o
                0x20000140                resistors
 .bss.adc_request_flag
                0x20000154        0x1 ./Core/Src/main.o
                0x20000154                adc_request_flag
 *fill*         0x20000155        0x3 
 .bss.last_heartbeat_time
                0x20000158        0x4 ./Core/Src/main.o
                0x20000158                last_heartbeat_time
 .bss.housekeeping_request_flag
                0x2000015c        0x1 ./Core/Src/main.o
                0x2000015c                housekeeping_request_flag
 .bss.voltage_request_flag
                0x2000015d        0x1 ./Core/Src/main.o
                0x2000015d                voltage_request_flag
 .bss.current_request_flag
                0x2000015e        0x1 ./Core/Src/main.o
                0x2000015e                current_request_flag
 .bss.powergood_request_flag
                0x2000015f        0x1 ./Core/Src/main.o
                0x2000015f                powergood_request_flag
 .bss.canRecCounter
                0x20000160        0x4 ./Core/Src/main.o
                0x20000160                canRecCounter
 .bss.errorCounter
                0x20000164        0x4 ./Core/Src/main.o
                0x20000164                errorCounter
 .bss.adc_buffer
                0x20000168       0x1e ./Core/Src/main.o
                0x20000168                adc_buffer
 .bss.killSwitchStatus
                0x20000186        0x1 ./Core/Src/main.o
                0x20000186                killSwitchStatus
 .bss.pGodF1status
                0x20000187        0x1 ./Core/Src/main.o
                0x20000187                pGodF1status
 .bss.pGodF2status
                0x20000188        0x1 ./Core/Src/main.o
                0x20000188                pGodF2status
 .bss.pGodF3status
                0x20000189        0x1 ./Core/Src/main.o
                0x20000189                pGodF3status
 .bss.pGodF4status
                0x2000018a        0x1 ./Core/Src/main.o
                0x2000018a                pGodF4status
 .bss.pGodF5status
                0x2000018b        0x1 ./Core/Src/main.o
                0x2000018b                pGodF5status
 .bss.pGodF6status
                0x2000018c        0x1 ./Core/Src/main.o
                0x2000018c                pGodF6status
 .bss.pGodF7status
                0x2000018d        0x1 ./Core/Src/main.o
                0x2000018d                pGodF7status
 .bss.pGodF8status
                0x2000018e        0x1 ./Core/Src/main.o
                0x2000018e                pGodF8status
 .bss.pGodF9status
                0x2000018f        0x1 ./Core/Src/main.o
                0x2000018f                pGodF9status
 .bss.pGodF10status
                0x20000190        0x1 ./Core/Src/main.o
                0x20000190                pGodF10status
 *fill*         0x20000191        0x3 
 .bss.uwTick    0x20000194        0x4 ./Drivers/STM32F4xx_HAL_Driver/Src/stm32f4xx_hal.o
                0x20000194                uwTick
 *(COMMON)
                0x20000198                        . = ALIGN (0x4)
                0x20000198                        _ebss = .
                0x20000198                        __bss_end__ = _ebss

._user_heap_stack
                0x20000198      0x600 load address 0x08004d88
                0x20000198                        . = ALIGN (0x8)
                [!provide]                        PROVIDE (end = .)
                0x20000198                        PROVIDE (_end = .)
                0x20000398                        . = (. + _Min_Heap_Size)
 *fill*         0x20000198      0x200 
                0x20000798                        . = (. + _Min_Stack_Size)
 *fill*         0x20000398      0x400 
                0x20000798                        . = ALIGN (0x8)

/DISCARD/
 libc.a(*)
 libm.a(*)
 libgcc.a(*)

.ARM.attributes
                0x00000000       0x30
 *(.ARM.attributes)
 .ARM.attributes
                0x00000000       0x22 C:/ST/STM32CubeIDE_2.1.1/STM32CubeIDE/plugins/com.st.stm32cube.ide.mcu.externaltools.gnu-tools-for-stm32.14.3.rel1.win32_1.0.100.202602081740/tools/bin/../lib/gcc/arm-none-eabi/14.3.1/thumb/v7e-m+fp/hard/crti.o
 .ARM.attributes
                0x00000022       0x34 C:/ST/STM32CubeIDE_2.1.1/STM32CubeIDE/plugins/com.st.stm32cube.ide.mcu.externaltools.gnu-tools-for-stm32.14.3.rel1.win32_1.0.100.202602081740/tools/bin/../lib/gcc/arm-none-eabi/14.3.1/thumb/v7e-m+fp/hard/crtbegin.o
 .ARM.attributes
                0x00000056       0x34 ./Core/Src/main.o
 .ARM.attributes
                0x0000008a       0x34 ./Core/Src/stm32f4xx_hal_msp.o
 .ARM.attributes
                0x000000be       0x34 ./Core/Src/stm32f4xx_it.o
 .ARM.attributes
                0x000000f2       0x34 ./Core/Src/system_stm32f4xx.o
 .ARM.attributes
                0x00000126       0x21 ./Core/Startup/startup_stm32f446vetx.o
 .ARM.attributes
                0x00000147       0x34 ./Drivers/STM32F4xx_HAL_Driver/Src/stm32f4xx_hal.o
 .ARM.attributes
                0x0000017b       0x34 ./Drivers/STM32F4xx_HAL_Driver/Src/stm32f4xx_hal_adc.o
 .ARM.attributes
                0x000001af       0x34 ./Drivers/STM32F4xx_HAL_Driver/Src/stm32f4xx_hal_can.o
 .ARM.attributes
                0x000001e3       0x34 ./Drivers/STM32F4xx_HAL_Driver/Src/stm32f4xx_hal_cortex.o
 .ARM.attributes
                0x00000217       0x34 ./Drivers/STM32F4xx_HAL_Driver/Src/stm32f4xx_hal_dma.o
 .ARM.attributes
                0x0000024b       0x34 ./Drivers/STM32F4xx_HAL_Driver/Src/stm32f4xx_hal_gpio.o
 .ARM.attributes
                0x0000027f       0x34 ./Drivers/STM32F4xx_HAL_Driver/Src/stm32f4xx_hal_rcc.o
 .ARM.attributes
                0x000002b3       0x34 ./Drivers/STM32F4xx_HAL_Driver/Src/stm32f4xx_hal_rcc_ex.o
 .ARM.attributes
                0x000002e7       0x34 C:/ST/STM32CubeIDE_2.1.1/STM32CubeIDE/plugins/com.st.stm32cube.ide.mcu.externaltools.gnu-tools-for-stm32.14.3.rel1.win32_1.0.100.202602081740/tools/bin/../lib/gcc/arm-none-eabi/14.3.1/../../../../arm-none-eabi/lib/thumb/v7e-m+fp/hard\libc_nano.a(libc_a-memset.o)
 .ARM.attributes
                0x0000031b       0x34 C:/ST/STM32CubeIDE_2.1.1/STM32CubeIDE/plugins/com.st.stm32cube.ide.mcu.externaltools.gnu-tools-for-stm32.14.3.rel1.win32_1.0.100.202602081740/tools/bin/../lib/gcc/arm-none-eabi/14.3.1/../../../../arm-none-eabi/lib/thumb/v7e-m+fp/hard\libc_nano.a(libc_a-init.o)
 .ARM.attributes
                0x0000034f       0x22 C:/ST/STM32CubeIDE_2.1.1/STM32CubeIDE/plugins/com.st.stm32cube.ide.mcu.externaltools.gnu-tools-for-stm32.14.3.rel1.win32_1.0.100.202602081740/tools/bin/../lib/gcc/arm-none-eabi/14.3.1/thumb/v7e-m+fp/hard\libgcc.a(_aeabi_uldivmod.o)
 .ARM.attributes
                0x00000371       0x34 C:/ST/STM32CubeIDE_2.1.1/STM32CubeIDE/plugins/com.st.stm32cube.ide.mcu.externaltools.gnu-tools-for-stm32.14.3.rel1.win32_1.0.100.202602081740/tools/bin/../lib/gcc/arm-none-eabi/14.3.1/thumb/v7e-m+fp/hard\libgcc.a(_udivmoddi4.o)
 .ARM.attributes
                0x000003a5       0x22 C:/ST/STM32CubeIDE_2.1.1/STM32CubeIDE/plugins/com.st.stm32cube.ide.mcu.externaltools.gnu-tools-for-stm32.14.3.rel1.win32_1.0.100.202602081740/tools/bin/../lib/gcc/arm-none-eabi/14.3.1/thumb/v7e-m+fp/hard\libgcc.a(_dvmd_tls.o)
 .ARM.attributes
                0x000003c7       0x22 C:/ST/STM32CubeIDE_2.1.1/STM32CubeIDE/plugins/com.st.stm32cube.ide.mcu.externaltools.gnu-tools-for-stm32.14.3.rel1.win32_1.0.100.202602081740/tools/bin/../lib/gcc/arm-none-eabi/14.3.1/thumb/v7e-m+fp/hard/crtn.o
OUTPUT(umutKart.elf elf32-littlearm)
LOAD linker stubs
LOAD C:/ST/STM32CubeIDE_2.1.1/STM32CubeIDE/plugins/com.st.stm32cube.ide.mcu.externaltools.gnu-tools-for-stm32.14.3.rel1.win32_1.0.100.202602081740/tools/bin/../lib/gcc/arm-none-eabi/14.3.1/../../../../arm-none-eabi/lib/thumb/v7e-m+fp/hard\libc.a
LOAD C:/ST/STM32CubeIDE_2.1.1/STM32CubeIDE/plugins/com.st.stm32cube.ide.mcu.externaltools.gnu-tools-for-stm32.14.3.rel1.win32_1.0.100.202602081740/tools/bin/../lib/gcc/arm-none-eabi/14.3.1/../../../../arm-none-eabi/lib/thumb/v7e-m+fp/hard\libm.a
LOAD C:/ST/STM32CubeIDE_2.1.1/STM32CubeIDE/plugins/com.st.stm32cube.ide.mcu.externaltools.gnu-tools-for-stm32.14.3.rel1.win32_1.0.100.202602081740/tools/bin/../lib/gcc/arm-none-eabi/14.3.1/thumb/v7e-m+fp/hard\libgcc.a

.debug_info     0x00000000     0x9044
 .debug_info    0x00000000     0x1cb8 ./Core/Src/main.o
 .debug_info    0x00001cb8     0x10b8 ./Core/Src/stm32f4xx_hal_msp.o
 .debug_info    0x00002d70      0x79e ./Core/Src/stm32f4xx_it.o
 .debug_info    0x0000350e      0x54a ./Core/Src/system_stm32f4xx.o
 .debug_info    0x00003a58       0x30 ./Core/Startup/startup_stm32f446vetx.o
 .debug_info    0x00003a88      0x99a ./Drivers/STM32F4xx_HAL_Driver/Src/stm32f4xx_hal.o
 .debug_info    0x00004422      0xce3 ./Drivers/STM32F4xx_HAL_Driver/Src/stm32f4xx_hal_adc.o
 .debug_info    0x00005105      0xf44 ./Drivers/STM32F4xx_HAL_Driver/Src/stm32f4xx_hal_can.o
 .debug_info    0x00006049      0xdaa ./Drivers/STM32F4xx_HAL_Driver/Src/stm32f4xx_hal_cortex.o
 .debug_info    0x00006df3      0x8e7 ./Drivers/STM32F4xx_HAL_Driver/Src/stm32f4xx_hal_dma.o
 .debug_info    0x000076da      0x70b ./Drivers/STM32F4xx_HAL_Driver/Src/stm32f4xx_hal_gpio.o
 .debug_info    0x00007de5      0x8ff ./Drivers/STM32F4xx_HAL_Driver/Src/stm32f4xx_hal_rcc.o
 .debug_info    0x000086e4      0x960 ./Drivers/STM32F4xx_HAL_Driver/Src/stm32f4xx_hal_rcc_ex.o

.debug_abbrev   0x00000000     0x1bb2
 .debug_abbrev  0x00000000      0x376 ./Core/Src/main.o
 .debug_abbrev  0x00000376      0x25f ./Core/Src/stm32f4xx_hal_msp.o
 .debug_abbrev  0x000005d5      0x1c2 ./Core/Src/stm32f4xx_it.o
 .debug_abbrev  0x00000797      0x11a ./Core/Src/system_stm32f4xx.o
 .debug_abbrev  0x000008b1       0x24 ./Core/Startup/startup_stm32f446vetx.o
 .debug_abbrev  0x000008d5      0x214 ./Drivers/STM32F4xx_HAL_Driver/Src/stm32f4xx_hal.o
 .debug_abbrev  0x00000ae9      0x252 ./Drivers/STM32F4xx_HAL_Driver/Src/stm32f4xx_hal_adc.o
 .debug_abbrev  0x00000d3b      0x25a ./Drivers/STM32F4xx_HAL_Driver/Src/stm32f4xx_hal_can.o
 .debug_abbrev  0x00000f95      0x31d ./Drivers/STM32F4xx_HAL_Driver/Src/stm32f4xx_hal_cortex.o
 .debug_abbrev  0x000012b2      0x264 ./Drivers/STM32F4xx_HAL_Driver/Src/stm32f4xx_hal_dma.o
 .debug_abbrev  0x00001516      0x1d4 ./Drivers/STM32F4xx_HAL_Driver/Src/stm32f4xx_hal_gpio.o
 .debug_abbrev  0x000016ea      0x2b7 ./Drivers/STM32F4xx_HAL_Driver/Src/stm32f4xx_hal_rcc.o
 .debug_abbrev  0x000019a1      0x211 ./Drivers/STM32F4xx_HAL_Driver/Src/stm32f4xx_hal_rcc_ex.o

.debug_aranges  0x00000000      0x7c8
 .debug_aranges
                0x00000000       0xa0 ./Core/Src/main.o
 .debug_aranges
                0x000000a0       0x40 ./Core/Src/stm32f4xx_hal_msp.o
 .debug_aranges
                0x000000e0       0x70 ./Core/Src/stm32f4xx_it.o
 .debug_aranges
                0x00000150       0x28 ./Core/Src/system_stm32f4xx.o
 .debug_aranges
                0x00000178       0x28 ./Core/Startup/startup_stm32f446vetx.o
 .debug_aranges
                0x000001a0       0xf0 ./Drivers/STM32F4xx_HAL_Driver/Src/stm32f4xx_hal.o
 .debug_aranges
                0x00000290       0xe8 ./Drivers/STM32F4xx_HAL_Driver/Src/stm32f4xx_hal_adc.o
 .debug_aranges
                0x00000378      0x138 ./Drivers/STM32F4xx_HAL_Driver/Src/stm32f4xx_hal_can.o
 .debug_aranges
                0x000004b0      0x130 ./Drivers/STM32F4xx_HAL_Driver/Src/stm32f4xx_hal_cortex.o
 .debug_aranges
                0x000005e0       0x90 ./Drivers/STM32F4xx_HAL_Driver/Src/stm32f4xx_hal_dma.o
 .debug_aranges
                0x00000670       0x58 ./Drivers/STM32F4xx_HAL_Driver/Src/stm32f4xx_hal_gpio.o
 .debug_aranges
                0x000006c8       0x88 ./Drivers/STM32F4xx_HAL_Driver/Src/stm32f4xx_hal_rcc.o
 .debug_aranges
                0x00000750       0x78 ./Drivers/STM32F4xx_HAL_Driver/Src/stm32f4xx_hal_rcc_ex.o

.debug_rnglists
                0x00000000      0x5d1
 .debug_rnglists
                0x00000000       0x7d ./Core/Src/main.o
 .debug_rnglists
                0x0000007d       0x2d ./Core/Src/stm32f4xx_hal_msp.o
 .debug_rnglists
                0x000000aa       0x4f ./Core/Src/stm32f4xx_it.o
 .debug_rnglists
                0x000000f9       0x1a ./Core/Src/system_stm32f4xx.o
 .debug_rnglists
                0x00000113       0x19 ./Core/Startup/startup_stm32f446vetx.o
 .debug_rnglists
                0x0000012c       0xaf ./Drivers/STM32F4xx_HAL_Driver/Src/stm32f4xx_hal.o
 .debug_rnglists
                0x000001db       0xb5 ./Drivers/STM32F4xx_HAL_Driver/Src/stm32f4xx_hal_adc.o
 .debug_rnglists
                0x00000290       0xee ./Drivers/STM32F4xx_HAL_Driver/Src/stm32f4xx_hal_can.o
 .debug_rnglists
                0x0000037e       0xe0 ./Drivers/STM32F4xx_HAL_Driver/Src/stm32f4xx_hal_cortex.o
 .debug_rnglists
                0x0000045e       0x70 ./Drivers/STM32F4xx_HAL_Driver/Src/stm32f4xx_hal_dma.o
 .debug_rnglists
                0x000004ce       0x3f ./Drivers/STM32F4xx_HAL_Driver/Src/stm32f4xx_hal_gpio.o
 .debug_rnglists
                0x0000050d       0x66 ./Drivers/STM32F4xx_HAL_Driver/Src/stm32f4xx_hal_rcc.o
 .debug_rnglists
                0x00000573       0x5e ./Drivers/STM32F4xx_HAL_Driver/Src/stm32f4xx_hal_rcc_ex.o

.debug_macro    0x00000000    0x21be8
 .debug_macro   0x00000000      0x21b ./Core/Src/main.o
 .debug_macro   0x0000021b      0xad8 ./Core/Src/main.o
 .debug_macro   0x00000cf3      0x29b ./Core/Src/main.o
 .debug_macro   0x00000f8e       0x2e ./Core/Src/main.o
 .debug_macro   0x00000fbc       0x28 ./Core/Src/main.o
 .debug_macro   0x00000fe4       0x22 ./Core/Src/main.o
 .debug_macro   0x00001006       0x8e ./Core/Src/main.o
 .debug_macro   0x00001094       0x51 ./Core/Src/main.o
 .debug_macro   0x000010e5      0x103 ./Core/Src/main.o
 .debug_macro   0x000011e8       0x6a ./Core/Src/main.o
 .debug_macro   0x00001252      0x1df ./Core/Src/main.o
 .debug_macro   0x00001431       0x1c ./Core/Src/main.o
 .debug_macro   0x0000144d       0x22 ./Core/Src/main.o
 .debug_macro   0x0000146f       0xfb ./Core/Src/main.o
 .debug_macro   0x0000156a     0x1011 ./Core/Src/main.o
 .debug_macro   0x0000257b      0x11f ./Core/Src/main.o
 .debug_macro   0x0000269a    0x1675e ./Core/Src/main.o
 .debug_macro   0x00018df8       0x6d ./Core/Src/main.o
 .debug_macro   0x00018e65     0x3693 ./Core/Src/main.o
 .debug_macro   0x0001c4f8      0x190 ./Core/Src/main.o
 .debug_macro   0x0001c688       0x5c ./Core/Src/main.o
 .debug_macro   0x0001c6e4      0xca5 ./Core/Src/main.o
 .debug_macro   0x0001d389      0x9e9 ./Core/Src/main.o
 .debug_macro   0x0001dd72      0x115 ./Core/Src/main.o
 .debug_macro   0x0001de87      0x1a0 ./Core/Src/main.o
 .debug_macro   0x0001e027       0xa5 ./Core/Src/main.o
 .debug_macro   0x0001e0cc      0x16d ./Core/Src/main.o
 .debug_macro   0x0001e239      0x287 ./Core/Src/main.o
 .debug_macro   0x0001e4c0       0x5f ./Core/Src/main.o
 .debug_macro   0x0001e51f      0x236 ./Core/Src/main.o
 .debug_macro   0x0001e755      0xb5b ./Core/Src/main.o
 .debug_macro   0x0001f2b0      0x38b ./Core/Src/main.o
 .debug_macro   0x0001f63b      0x17d ./Core/Src/main.o
 .debug_macro   0x0001f7b8       0xf9 ./Core/Src/main.o
 .debug_macro   0x0001f8b1      0x40f ./Core/Src/main.o
 .debug_macro   0x0001fcc0      0x132 ./Core/Src/main.o
 .debug_macro   0x0001fdf2      0x29c ./Core/Src/main.o
 .debug_macro   0x0002008e       0x2e ./Core/Src/main.o
 .debug_macro   0x000200bc      0x127 ./Core/Src/main.o
 .debug_macro   0x000201e3       0xe8 ./Core/Src/main.o
 .debug_macro   0x000202cb       0x89 ./Core/Src/main.o
 .debug_macro   0x00020354      0x126 ./Core/Src/main.o
 .debug_macro   0x0002047a      0x1f0 ./Core/Src/main.o
 .debug_macro   0x0002066a      0x1f1 ./Core/Src/stm32f4xx_hal_msp.o
 .debug_macro   0x0002085b      0x1fb ./Core/Src/stm32f4xx_it.o
 .debug_macro   0x00020a56      0x1e2 ./Core/Src/system_stm32f4xx.o
 .debug_macro   0x00020c38      0x242 ./Drivers/STM32F4xx_HAL_Driver/Src/stm32f4xx_hal.o
 .debug_macro   0x00020e7a      0x1e3 ./Drivers/STM32F4xx_HAL_Driver/Src/stm32f4xx_hal_adc.o
 .debug_macro   0x0002105d      0x1f1 ./Drivers/STM32F4xx_HAL_Driver/Src/stm32f4xx_hal_can.o
 .debug_macro   0x0002124e      0x1e2 ./Drivers/STM32F4xx_HAL_Driver/Src/stm32f4xx_hal_cortex.o
 .debug_macro   0x00021430      0x1e8 ./Drivers/STM32F4xx_HAL_Driver/Src/stm32f4xx_hal_dma.o
 .debug_macro   0x00021618      0x1e8 ./Drivers/STM32F4xx_HAL_Driver/Src/stm32f4xx_hal_gpio.o
 .debug_macro   0x00021800      0x206 ./Drivers/STM32F4xx_HAL_Driver/Src/stm32f4xx_hal_rcc.o
 .debug_macro   0x00021a06      0x1e2 ./Drivers/STM32F4xx_HAL_Driver/Src/stm32f4xx_hal_rcc_ex.o

.debug_line     0x00000000     0xa7eb
 .debug_line    0x00000000     0x1455 ./Core/Src/main.o
 .debug_line    0x00001455      0x83d ./Core/Src/stm32f4xx_hal_msp.o
 .debug_line    0x00001c92      0x83e ./Core/Src/stm32f4xx_it.o
 .debug_line    0x000024d0      0x7d5 ./Core/Src/system_stm32f4xx.o
 .debug_line    0x00002ca5       0x7a ./Core/Startup/startup_stm32f446vetx.o
 .debug_line    0x00002d1f      0xa54 ./Drivers/STM32F4xx_HAL_Driver/Src/stm32f4xx_hal.o
 .debug_line    0x00003773     0x1274 ./Drivers/STM32F4xx_HAL_Driver/Src/stm32f4xx_hal_adc.o
 .debug_line    0x000049e7     0x1210 ./Drivers/STM32F4xx_HAL_Driver/Src/stm32f4xx_hal_can.o
 .debug_line    0x00005bf7      0xd21 ./Drivers/STM32F4xx_HAL_Driver/Src/stm32f4xx_hal_cortex.o
 .debug_line    0x00006918      0xfbd ./Drivers/STM32F4xx_HAL_Driver/Src/stm32f4xx_hal_dma.o
 .debug_line    0x000078d5      0xb92 ./Drivers/STM32F4xx_HAL_Driver/Src/stm32f4xx_hal_gpio.o
 .debug_line    0x00008467      0xe6a ./Drivers/STM32F4xx_HAL_Driver/Src/stm32f4xx_hal_rcc.o
 .debug_line    0x000092d1     0x151a ./Drivers/STM32F4xx_HAL_Driver/Src/stm32f4xx_hal_rcc_ex.o

.debug_str      0x00000000    0xd252a
 .debug_str     0x00000000    0xd252a ./Core/Src/main.o
                              0xd0c4f (size before relaxing)
 .debug_str     0x000d252a    0xd045a ./Core/Src/stm32f4xx_hal_msp.o
 .debug_str     0x000d252a    0xcfc2b ./Core/Src/stm32f4xx_it.o
 .debug_str     0x000d252a    0xcf0a2 ./Core/Src/system_stm32f4xx.o
 .debug_str     0x000d252a       0x6f ./Core/Startup/startup_stm32f446vetx.o
 .debug_str     0x000d252a    0xcfc67 ./Drivers/STM32F4xx_HAL_Driver/Src/stm32f4xx_hal.o
 .debug_str     0x000d252a    0xcf66a ./Drivers/STM32F4xx_HAL_Driver/Src/stm32f4xx_hal_adc.o
 .debug_str     0x000d252a    0xcf777 ./Drivers/STM32F4xx_HAL_Driver/Src/stm32f4xx_hal_can.o
 .debug_str     0x000d252a    0xcf9be ./Drivers/STM32F4xx_HAL_Driver/Src/stm32f4xx_hal_cortex.o
 .debug_str     0x000d252a    0xcf497 ./Drivers/STM32F4xx_HAL_Driver/Src/stm32f4xx_hal_dma.o
 .debug_str     0x000d252a    0xcf21d ./Drivers/STM32F4xx_HAL_Driver/Src/stm32f4xx_hal_gpio.o
 .debug_str     0x000d252a    0xcf4db ./Drivers/STM32F4xx_HAL_Driver/Src/stm32f4xx_hal_rcc.o
 .debug_str     0x000d252a    0xcf50e ./Drivers/STM32F4xx_HAL_Driver/Src/stm32f4xx_hal_rcc_ex.o

.comment        0x00000000       0x43
 .comment       0x00000000       0x43 ./Core/Src/main.o
                                 0x44 (size before relaxing)
 .comment       0x00000043       0x44 ./Core/Src/stm32f4xx_hal_msp.o
 .comment       0x00000043       0x44 ./Core/Src/stm32f4xx_it.o
 .comment       0x00000043       0x44 ./Core/Src/system_stm32f4xx.o
 .comment       0x00000043       0x44 ./Drivers/STM32F4xx_HAL_Driver/Src/stm32f4xx_hal.o
 .comment       0x00000043       0x44 ./Drivers/STM32F4xx_HAL_Driver/Src/stm32f4xx_hal_adc.o
 .comment       0x00000043       0x44 ./Drivers/STM32F4xx_HAL_Driver/Src/stm32f4xx_hal_can.o
 .comment       0x00000043       0x44 ./Drivers/STM32F4xx_HAL_Driver/Src/stm32f4xx_hal_cortex.o
 .comment       0x00000043       0x44 ./Drivers/STM32F4xx_HAL_Driver/Src/stm32f4xx_hal_dma.o
 .comment       0x00000043       0x44 ./Drivers/STM32F4xx_HAL_Driver/Src/stm32f4xx_hal_gpio.o
 .comment       0x00000043       0x44 ./Drivers/STM32F4xx_HAL_Driver/Src/stm32f4xx_hal_rcc.o
 .comment       0x00000043       0x44 ./Drivers/STM32F4xx_HAL_Driver/Src/stm32f4xx_hal_rcc_ex.o

.debug_frame    0x00000000     0x1d20
 .debug_frame   0x00000000      0x26c ./Core/Src/main.o
 .debug_frame   0x0000026c       0xc4 ./Core/Src/stm32f4xx_hal_msp.o
 .debug_frame   0x00000330      0x130 ./Core/Src/stm32f4xx_it.o
 .debug_frame   0x00000460       0x50 ./Core/Src/system_stm32f4xx.o
 .debug_frame   0x000004b0      0x31c ./Drivers/STM32F4xx_HAL_Driver/Src/stm32f4xx_hal.o
 .debug_frame   0x000007cc      0x3bc ./Drivers/STM32F4xx_HAL_Driver/Src/stm32f4xx_hal_adc.o
 .debug_frame   0x00000b88      0x524 ./Drivers/STM32F4xx_HAL_Driver/Src/stm32f4xx_hal_can.o
 .debug_frame   0x000010ac      0x4b8 ./Drivers/STM32F4xx_HAL_Driver/Src/stm32f4xx_hal_cortex.o
 .debug_frame   0x00001564      0x230 ./Drivers/STM32F4xx_HAL_Driver/Src/stm32f4xx_hal_dma.o
 .debug_frame   0x00001794      0x130 ./Drivers/STM32F4xx_HAL_Driver/Src/stm32f4xx_hal_gpio.o
 .debug_frame   0x000018c4      0x1d8 ./Drivers/STM32F4xx_HAL_Driver/Src/stm32f4xx_hal_rcc.o
 .debug_frame   0x00001a9c      0x1d8 ./Drivers/STM32F4xx_HAL_Driver/Src/stm32f4xx_hal_rcc_ex.o
 .debug_frame   0x00001c74       0x20 C:/ST/STM32CubeIDE_2.1.1/STM32CubeIDE/plugins/com.st.stm32cube.ide.mcu.externaltools.gnu-tools-for-stm32.14.3.rel1.win32_1.0.100.202602081740/tools/bin/../lib/gcc/arm-none-eabi/14.3.1/../../../../arm-none-eabi/lib/thumb/v7e-m+fp/hard\libc_nano.a(libc_a-memset.o)
 .debug_frame   0x00001c94       0x2c C:/ST/STM32CubeIDE_2.1.1/STM32CubeIDE/plugins/com.st.stm32cube.ide.mcu.externaltools.gnu-tools-for-stm32.14.3.rel1.win32_1.0.100.202602081740/tools/bin/../lib/gcc/arm-none-eabi/14.3.1/../../../../arm-none-eabi/lib/thumb/v7e-m+fp/hard\libc_nano.a(libc_a-init.o)
 .debug_frame   0x00001cc0       0x2c C:/ST/STM32CubeIDE_2.1.1/STM32CubeIDE/plugins/com.st.stm32cube.ide.mcu.externaltools.gnu-tools-for-stm32.14.3.rel1.win32_1.0.100.202602081740/tools/bin/../lib/gcc/arm-none-eabi/14.3.1/thumb/v7e-m+fp/hard\libgcc.a(_aeabi_uldivmod.o)
 .debug_frame   0x00001cec       0x34 C:/ST/STM32CubeIDE_2.1.1/STM32CubeIDE/plugins/com.st.stm32cube.ide.mcu.externaltools.gnu-tools-for-stm32.14.3.rel1.win32_1.0.100.202602081740/tools/bin/../lib/gcc/arm-none-eabi/14.3.1/thumb/v7e-m+fp/hard\libgcc.a(_udivmoddi4.o)

.debug_line_str
                0x00000000       0x53
 .debug_line_str
                0x00000000       0x53 ./Core/Startup/startup_stm32f446vetx.o
