../Core/Src/main.c:125:19:EPS_Set_Fuse_State	16	static
../Core/Src/main.c:132:19:EPS_Set_Buck_State	16	static
../Core/Src/main.c:139:10:Build_CAN_ID_FromStruct	24	static
../Core/Src/main.c:153:6:CAN_Send_ADC15_Segmented	24	static
../Core/Src/main.c:197:6:CAN_Send_EPS_Heartbeat	16	static
../Core/Src/main.c:218:6:CAN_Send_EPS_Housekeeping	72	static
../Core/Src/main.c:303:6:CAN_Send_Voltages	40	static
../Core/Src/main.c:365:6:CAN_Send_Currents	56	static
../Core/Src/main.c:422:6:CAN_Send_PowerGood	24	static
../Core/Src/main.c:461:5:main	56	static
../Core/Src/main.c:597:6:SystemClock_Config	88	static
../Core/Src/main.c:644:13:MX_ADC1_Init	24	static
../Core/Src/main.c:822:13:MX_CAN1_Init	8	static
../Core/Src/main.c:857:13:MX_DMA_Init	16	static
../Core/Src/main.c:875:13:MX_GPIO_Init	56	static
../Core/Src/main.c:975:6:HAL_CAN_RxFifo0MsgPendingCallback	64	static
../Core/Src/main.c:1050:6:Error_Handler	4	static,ignoring_inline_asm
